!***************  DLTK CONTRIBUTION  ******************************************************** 

feature@org.eclipse.dltk.core=v20070920,:pserver:anonymous@dev.eclipse.org:/cvsroot/technology,,org.eclipse.dltk/core/features/org.eclipse.dltk.core-feature
feature@org.eclipse.dltk.core.sdk=v20070727b,:pserver:anonymous@dev.eclipse.org:/cvsroot/technology,,org.eclipse.dltk/core/features/org.eclipse.dltk.core.sdk

plugin@org.eclipse.dltk=v20070727b,:pserver:anonymous@dev.eclipse.org:/cvsroot/technology,,org.eclipse.dltk/core/plugins/org.eclipse.dltk
plugin@org.eclipse.dltk.core=v20080130-1328,:pserver:anonymous@dev.eclipse.org:/cvsroot/technology,,org.eclipse.dltk/core/plugins/org.eclipse.dltk.core
plugin@org.eclipse.dltk.console=v20070924a,:pserver:anonymous@dev.eclipse.org:/cvsroot/technology,,org.eclipse.dltk/core/plugins/org.eclipse.dltk.console
plugin@org.eclipse.dltk.launching=v20080130-1513,:pserver:anonymous@dev.eclipse.org:/cvsroot/technology,,org.eclipse.dltk/core/plugins/org.eclipse.dltk.launching
plugin@org.eclipse.dltk.debug=v20080130-1442,:pserver:anonymous@dev.eclipse.org:/cvsroot/technology,,org.eclipse.dltk/core/plugins/org.eclipse.dltk.debug

plugin@org.eclipse.dltk.validators.core=v20080130-1328,:pserver:anonymous@dev.eclipse.org:/cvsroot/technology,,org.eclipse.dltk/core/plugins/org.eclipse.dltk.validators.core
plugin@org.eclipse.dltk.validators.ui=v20080130-1328,:pserver:anonymous@dev.eclipse.org:/cvsroot/technology,,org.eclipse.dltk/core/plugins/org.eclipse.dltk.validators.ui

plugin@org.eclipse.dltk.console.ui=v20070727b,:pserver:anonymous@dev.eclipse.org:/cvsroot/technology,,org.eclipse.dltk/core/plugins/org.eclipse.dltk.console.ui
plugin@org.eclipse.dltk.ui=v20080128,:pserver:anonymous@dev.eclipse.org:/cvsroot/technology,,org.eclipse.dltk/core/plugins/org.eclipse.dltk.ui
plugin@org.eclipse.dltk.debug.ui=v20080129,:pserver:anonymous@dev.eclipse.org:/cvsroot/technology,,org.eclipse.dltk/core/plugins/org.eclipse.dltk.debug.ui

plugin@org.eclipse.dltk.testing=v20071025,:pserver:anonymous@dev.eclipse.org:/cvsroot/technology,,org.eclipse.dltk/core/plugins/org.eclipse.dltk.testing