
! Javascript Development Tools (DLTK)
!
! $Id: javascript.map,v 1.1 2007/11/08 11:48:21 asobolev Exp $ 

feature@org.eclipse.dltk.javascript=HEAD,:pserver:anonymous@dev.eclipse.org:/cvsroot/technology,,org.eclipse.dltk/javascript/features/org.eclipse.dltk.javascript-feature
feature@org.eclipse.dltk.javascript.sdk=HEAD,:pserver:anonymous@dev.eclipse.org:/cvsroot/technology,,org.eclipse.dltk/javascript/features/org.eclipse.dltk.javascript.sdk

plugin@org.eclipse.dltk.javascript.core=HEAD,:pserver:anonymous@dev.eclipse.org:/cvsroot/technology,,org.eclipse.dltk/javascript/plugins/org.eclipse.dltk.javascript.core
plugin@org.eclipse.dltk.javascript.core.dom.support=HEAD,:pserver:anonymous@dev.eclipse.org:/cvsroot/technology,,org.eclipse.dltk/javascript/plugins/org.eclipse.dltk.javascript.core.dom.support
plugin@org.eclipse.dltk.javascript.core.dom.support.sample=HEAD,:pserver:anonymous@dev.eclipse.org:/cvsroot/technology,,org.eclipse.dltk/javascript/plugins/org.eclipse.dltk.javascript.core.dom.support.sample
plugin@org.eclipse.dltk.javascript.debug=HEAD,:pserver:anonymous@dev.eclipse.org:/cvsroot/technology,,org.eclipse.dltk/javascript/plugins/org.eclipse.dltk.javascript.debug
plugin@org.eclipse.dltk.javascript.debug.ui=v20071016,:pserver:anonymous@dev.eclipse.org:/cvsroot/technology,,org.eclipse.dltk/javascript/plugins/org.eclipse.dltk.javascript.debug.ui
plugin@org.eclipse.dltk.javascript.jdt.integration=HEAD,:pserver:anonymous@dev.eclipse.org:/cvsroot/technology,,org.eclipse.dltk/javascript/plugins/org.eclipse.dltk.javascript.jdt.integration
plugin@org.eclipse.dltk.javascript.launching=v20071106,:pserver:anonymous@dev.eclipse.org:/cvsroot/technology,,org.eclipse.dltk/javascript/plugins/org.eclipse.dltk.javascript.launching
plugin@org.eclipse.dltk.javascript.rhino=HEAD,:pserver:anonymous@dev.eclipse.org:/cvsroot/technology,,org.eclipse.dltk/javascript/plugins/org.eclipse.dltk.javascript.rhino
plugin@org.eclipse.dltk.javascript.rhino.dbgp=v20071016,:pserver:anonymous@dev.eclipse.org:/cvsroot/technology,,org.eclipse.dltk/javascript/plugins/org.eclipse.dltk.javascript.rhino.dbgp
plugin@org.eclipse.dltk.javascript.ui=HEAD,:pserver:anonymous@dev.eclipse.org:/cvsroot/technology,,org.eclipse.dltk/javascript/plugins/org.eclipse.dltk.javascript.ui
plugin@org.eclipse.dltk.wst.javascript.core=HEAD,:pserver:anonymous@dev.eclipse.org:/cvsroot/technology,,org.eclipse.dltk/javascript/plugins/org.eclipse.dltk.wst.javascript.core
plugin@org.eclipse.dltk.wst.javascript.ui=HEAD,:pserver:anonymous@dev.eclipse.org:/cvsroot/technology,,org.eclipse.dltk/javascript/plugins/org.eclipse.dltk.wst.javascript.ui
plugin@org.apache.xmlbeans=HEAD,:pserver:anonymous@dev.eclipse.org:/cvsroot/technology,,org.eclipse.dltk/javascript/plugins/org.apache.xmlbeans