
! Javascript Development Tools (DLTK)
!
! $Id: javascript.map,v 1.41 2008/04/01 10:38:07 asobolev Exp $ 

feature@org.eclipse.dltk.javascript=v20080401-1722,:pserver:anonymous@dev.eclipse.org:/cvsroot/technology,,org.eclipse.dltk/javascript/features/org.eclipse.dltk.javascript-feature
feature@org.eclipse.dltk.javascript.sdk=v20080401-1722,:pserver:anonymous@dev.eclipse.org:/cvsroot/technology,,org.eclipse.dltk/javascript/features/org.eclipse.dltk.javascript.sdk

plugin@org.eclipse.dltk.javascript.core=v20080331-1339,:pserver:anonymous@dev.eclipse.org:/cvsroot/technology,,org.eclipse.dltk/javascript/plugins/org.eclipse.dltk.javascript.core
plugin@org.eclipse.dltk.javascript.core.dom.support=v20080331-1339,:pserver:anonymous@dev.eclipse.org:/cvsroot/technology,,org.eclipse.dltk/javascript/plugins/org.eclipse.dltk.javascript.core.dom.support
plugin@org.eclipse.dltk.javascript.core.dom.support.sample=v20080331-1339,:pserver:anonymous@dev.eclipse.org:/cvsroot/technology,,org.eclipse.dltk/javascript/plugins/org.eclipse.dltk.javascript.core.dom.support.sample
plugin@org.eclipse.dltk.javascript.debug=v20080227-1850,:pserver:anonymous@dev.eclipse.org:/cvsroot/technology,,org.eclipse.dltk/javascript/plugins/org.eclipse.dltk.javascript.debug
plugin@org.eclipse.dltk.javascript.debug.ui=v20080227-1850,:pserver:anonymous@dev.eclipse.org:/cvsroot/technology,,org.eclipse.dltk/javascript/plugins/org.eclipse.dltk.javascript.debug.ui
plugin@org.eclipse.dltk.javascript.jdt.integration=v20080331-1339,:pserver:anonymous@dev.eclipse.org:/cvsroot/technology,,org.eclipse.dltk/javascript/plugins/org.eclipse.dltk.javascript.jdt.integration
plugin@org.eclipse.dltk.javascript.launching=v20080227-1850,:pserver:anonymous@dev.eclipse.org:/cvsroot/technology,,org.eclipse.dltk/javascript/plugins/org.eclipse.dltk.javascript.launching
plugin@org.eclipse.dltk.javascript.rhino=v20080331-1339,:pserver:anonymous@dev.eclipse.org:/cvsroot/technology,,org.eclipse.dltk/javascript/plugins/org.eclipse.dltk.javascript.rhino
plugin@org.eclipse.dltk.javascript.rhino.dbgp=v20080331-1339,:pserver:anonymous@dev.eclipse.org:/cvsroot/technology,,org.eclipse.dltk/javascript/plugins/org.eclipse.dltk.javascript.rhino.dbgp
plugin@org.eclipse.dltk.javascript.ui=v20080331-1339,:pserver:anonymous@dev.eclipse.org:/cvsroot/technology,,org.eclipse.dltk/javascript/plugins/org.eclipse.dltk.javascript.ui
plugin@org.eclipse.dltk.javascript.jsjdtddebugger=v20080401-1737,:pserver:anonymous@dev.eclipse.org:/cvsroot/technology,,org.eclipse.dltk/javascript/plugins/org.eclipse.dltk.javascript.jsjdtddebugger
plugin@org.eclipse.dltk.wst.javascript.core=v20071127,:pserver:anonymous@dev.eclipse.org:/cvsroot/technology,,org.eclipse.dltk/javascript/plugins/org.eclipse.dltk.wst.javascript.core
plugin@org.eclipse.dltk.wst.javascript.ui=v20071127,:pserver:anonymous@dev.eclipse.org:/cvsroot/technology,,org.eclipse.dltk/javascript/plugins/org.eclipse.dltk.wst.javascript.ui
plugin@org.apache.xmlbeans=v20071127,:pserver:anonymous@dev.eclipse.org:/cvsroot/technology,,org.eclipse.dltk/javascript/plugins/org.apache.xmlbeans