
! Python Development Tools (DLTK)
!
! $Id: python.map,v 1.21 2008/02/04 11:01:06 asobolev Exp $ 

feature@org.eclipse.dltk.python=v20080204-1458,:pserver:anonymous@dev.eclipse.org:/cvsroot/technology,,org.eclipse.dltk/python/features/org.eclipse.dltk.python-feature
feature@org.eclipse.dltk.python.sdk=v20070725,:pserver:anonymous@dev.eclipse.org:/cvsroot/technology,,org.eclipse.dltk/python/features/org.eclipse.dltk.python.sdk

plugin@org.eclipse.dltk.python.core=v20080204-1700,:pserver:anonymous@dev.eclipse.org:/cvsroot/technology,,org.eclipse.dltk/python/plugins/org.eclipse.dltk.python.core
plugin@org.eclipse.dltk.python.launching=v20071224,:pserver:anonymous@dev.eclipse.org:/cvsroot/technology,,org.eclipse.dltk/python/plugins/org.eclipse.dltk.python.launching
plugin@org.eclipse.dltk.python.debug=v20071106,:pserver:anonymous@dev.eclipse.org:/cvsroot/technology,,org.eclipse.dltk/python/plugins/org.eclipse.dltk.python.debug
plugin@org.eclipse.dltk.python.ui=v20080123b,:pserver:anonymous@dev.eclipse.org:/cvsroot/technology,,org.eclipse.dltk/python/plugins/org.eclipse.dltk.python.ui
plugin@org.eclipse.dltk.python.debug.ui=v20080129,:pserver:anonymous@dev.eclipse.org:/cvsroot/technology,,org.eclipse.dltk/python/plugins/org.eclipse.dltk.python.debug.ui
plugin@org.eclipse.dltk.python.antlr=v20070725,:pserver:anonymous@dev.eclipse.org:/cvsroot/technology,,org.eclipse.dltk/python/plugins/org.eclipse.dltk.python.antlr
plugin@org.eclipse.dltk.python.activestatedebugger=HEAD,:pserver:anonymous@dev.eclipse.org:/cvsroot/technology,,org.eclipse.dltk/python/plugins/org.eclipse.dltk.python.activestatedebugger