
! Ruby Development Tools (DLTK)
!
! $Id: ruby.map,v 1.13 2007/12/11 12:00:46 asobolev Exp $ 

feature@org.eclipse.dltk.ruby=v20071031,:pserver:anonymous@dev.eclipse.org:/cvsroot/technology,,org.eclipse.dltk/ruby/features/org.eclipse.dltk.ruby-feature
feature@org.eclipse.dltk.ruby.sdk=v20070727b,:pserver:anonymous@dev.eclipse.org:/cvsroot/technology,,org.eclipse.dltk/ruby/features/org.eclipse.dltk.ruby.sdk

plugin@org.eclipse.dltk.ruby=v20070727b,:pserver:anonymous@dev.eclipse.org:/cvsroot/technology,,org.eclipse.dltk/ruby/plugins/org.eclipse.dltk.ruby
plugin@org.eclipse.dltk.ruby.core=v20071211,:pserver:anonymous@dev.eclipse.org:/cvsroot/technology,,org.eclipse.dltk/ruby/plugins/org.eclipse.dltk.ruby.core
plugin@org.eclipse.dltk.ruby.launching=v20071207,:pserver:anonymous@dev.eclipse.org:/cvsroot/technology,,org.eclipse.dltk/ruby/plugins/org.eclipse.dltk.ruby.launching
plugin@org.eclipse.dltk.ruby.debug=v20071109b,:pserver:anonymous@dev.eclipse.org:/cvsroot/technology,,org.eclipse.dltk/ruby/plugins/org.eclipse.dltk.ruby.debug
plugin@org.eclipse.dltk.ruby.ui=v20071203a,:pserver:anonymous@dev.eclipse.org:/cvsroot/technology,,org.eclipse.dltk/ruby/plugins/org.eclipse.dltk.ruby.ui
plugin@org.eclipse.dltk.ruby.debug.ui=v20071207,:pserver:anonymous@dev.eclipse.org:/cvsroot/technology,,org.eclipse.dltk/ruby/plugins/org.eclipse.dltk.ruby.debug.ui

plugin@org.eclipse.dltk.ruby.abstractdebugger=v20071207,:pserver:anonymous@dev.eclipse.org:/cvsroot/technology,,org.eclipse.dltk/ruby/plugins/org.eclipse.dltk.ruby.abstractdebugger
plugin@org.eclipse.dltk.ruby.basicdebugger=v20071211,:pserver:anonymous@dev.eclipse.org:/cvsroot/technology,,org.eclipse.dltk/ruby/plugins/org.eclipse.dltk.ruby.basicdebugger
plugin@org.eclipse.dltk.ruby.fastdebugger=v20071207,:pserver:anonymous@dev.eclipse.org:/cvsroot/technology,,org.eclipse.dltk/ruby/plugins/org.eclipse.dltk.ruby.fastdebugger
plugin@org.eclipse.dltk.ruby.activestatedebugger=v20071207,:pserver:anonymous@dev.eclipse.org:/cvsroot/technology,,org.eclipse.dltk/ruby/plugins/org.eclipse.dltk.ruby.activestatedebugger