
! Tcl Development Tools (DLTK)
!
! $Id: tcl.map,v 1.14 2007/12/13 16:18:27 asobolev Exp $ 

feature@org.eclipse.dltk.tcl=v20071022,:pserver:anonymous@dev.eclipse.org:/cvsroot/technology,,org.eclipse.dltk/tcl/features/org.eclipse.dltk.tcl-feature
feature@org.eclipse.dltk.tcl.sdk=v20070727b,:pserver:anonymous@dev.eclipse.org:/cvsroot/technology,,org.eclipse.dltk/tcl/features/org.eclipse.dltk.tcl.sdk

plugin@org.eclipse.dltk.tcl=v20070727b,:pserver:anonymous@dev.eclipse.org:/cvsroot/technology,,org.eclipse.dltk/tcl/plugins/org.eclipse.dltk.tcl
plugin@org.eclipse.dltk.tcl.core=v20071211,:pserver:anonymous@dev.eclipse.org:/cvsroot/technology,,org.eclipse.dltk/tcl/plugins/org.eclipse.dltk.tcl.core
plugin@org.eclipse.dltk.tcl.launching=v20071204a,:pserver:anonymous@dev.eclipse.org:/cvsroot/technology,,org.eclipse.dltk/tcl/plugins/org.eclipse.dltk.tcl.launching
plugin@org.eclipse.dltk.tcl.ui=v20071211,:pserver:anonymous@dev.eclipse.org:/cvsroot/technology,,org.eclipse.dltk/tcl/plugins/org.eclipse.dltk.tcl.ui

plugin@org.eclipse.dltk.tcl.debug=v20070727b,:pserver:anonymous@dev.eclipse.org:/cvsroot/technology,,org.eclipse.dltk/tcl/plugins/org.eclipse.dltk.tcl.debug
plugin@org.eclipse.dltk.tcl.debug.ui=v20071213a,:pserver:anonymous@dev.eclipse.org:/cvsroot/technology,,org.eclipse.dltk/tcl/plugins/org.eclipse.dltk.tcl.debug.ui

plugin@org.eclipse.dltk.tcl.tclchecker=v20070727b,:pserver:anonymous@dev.eclipse.org:/cvsroot/technology,,org.eclipse.dltk/tcl/plugins/org.eclipse.dltk.tcl.tclchecker

plugin@org.eclipse.dltk.tcl.activestatedebugger=v20071213a,:pserver:anonymous@dev.eclipse.org:/cvsroot/technology,,org.eclipse.dltk/tcl/plugins/org.eclipse.dltk.tcl.activestatedebugger

plugin@org.eclipse.dltk.tcl.testing=v20071019,:pserver:anonymous@dev.eclipse.org:/cvsroot/technology,,org.eclipse.dltk/tcl/plugins/org.eclipse.dltk.tcl.testing
plugin@org.eclipse.dltk.tcl.testing.tcltest=v20071025,:pserver:anonymous@dev.eclipse.org:/cvsroot/technology,,org.eclipse.dltk/tcl/plugins/org.eclipse.dltk.tcl.testing.tcltest

plugin@org.eclipse.dltk.tcl.doc.user=v20071022,:pserver:anonymous@dev.eclipse.org:/cvsroot/technology,,org.eclipse.dltk/tcl/docs/org.eclipse.dltk.tcl.doc.user

! Temporary Cisco stuff
!plugin@com.cisco.tcl.scriptchecker=v20071019,:ext:kurtov@us.xored.com:/opt/cisco/,
!plugin@com.cisco.testing.aetest=v20071019b,:ext:kurtov@us.xored.com:/opt/cisco/,