
! Ruby Development Tools (DLTK)
!
! $Id: ruby.map,v 1.65 2007/08/28 12:17:20 asobolev Exp $ 

feature@org.eclipse.dltk.ruby=v20070727b,:pserver:anonymous@dev.eclipse.org:/cvsroot/technology,,org.eclipse.dltk/ruby/features/org.eclipse.dltk.ruby-feature
feature@org.eclipse.dltk.ruby.sdk=v20070727b,:pserver:anonymous@dev.eclipse.org:/cvsroot/technology,,org.eclipse.dltk/ruby/features/org.eclipse.dltk.ruby.sdk

plugin@org.eclipse.dltk.ruby=v20070727b,:pserver:anonymous@dev.eclipse.org:/cvsroot/technology,,org.eclipse.dltk/ruby/plugins/org.eclipse.dltk.ruby
plugin@org.eclipse.dltk.ruby.core=v20070727b,:pserver:anonymous@dev.eclipse.org:/cvsroot/technology,,org.eclipse.dltk/ruby/plugins/org.eclipse.dltk.ruby.core
plugin@org.eclipse.dltk.ruby.launching=v20070807a,:pserver:anonymous@dev.eclipse.org:/cvsroot/technology,,org.eclipse.dltk/ruby/plugins/org.eclipse.dltk.ruby.launching
plugin@org.eclipse.dltk.ruby.debug=v20070727b,:pserver:anonymous@dev.eclipse.org:/cvsroot/technology,,org.eclipse.dltk/ruby/plugins/org.eclipse.dltk.ruby.debug
plugin@org.eclipse.dltk.ruby.ui=v20070814,:pserver:anonymous@dev.eclipse.org:/cvsroot/technology,,org.eclipse.dltk/ruby/plugins/org.eclipse.dltk.ruby.ui
plugin@org.eclipse.dltk.ruby.debug.ui=v20070828,:pserver:anonymous@dev.eclipse.org:/cvsroot/technology,,org.eclipse.dltk/ruby/plugins/org.eclipse.dltk.ruby.debug.ui
plugin@org.eclipse.dltk.ruby.basicdebugger=v20070727b,:pserver:anonymous@dev.eclipse.org:/cvsroot/technology,,org.eclipse.dltk/ruby/plugins/org.eclipse.dltk.ruby.basicdebugger
plugin@org.eclipse.dltk.ruby.activestatedebugger=v20070727b,:pserver:anonymous@dev.eclipse.org:/cvsroot/technology,,org.eclipse.dltk/ruby/plugins/org.eclipse.dltk.ruby.activestatedebugger