
! Ruby Development Tools (DLTK)
!
! $Id: ruby.map,v 1.22 2007/05/25 11:00:57 asobolev Exp $ 

feature@org.eclipse.dltk.ruby=v20070515,:pserver:anonymous@dev.eclipse.org:/cvsroot/technology,,org.eclipse.dltk/ruby/features/org.eclipse.dltk.ruby-feature
feature@org.eclipse.dltk.ruby.sdk=v20070512,:pserver:anonymous@dev.eclipse.org:/cvsroot/technology,,org.eclipse.dltk/ruby/features/org.eclipse.dltk.ruby.sdk

plugin@org.eclipse.dltk.ruby=v20070512,:pserver:anonymous@dev.eclipse.org:/cvsroot/technology,,org.eclipse.dltk/ruby/plugins/org.eclipse.dltk.ruby
plugin@org.eclipse.dltk.ruby.core=v20070525a,:pserver:anonymous@dev.eclipse.org:/cvsroot/technology,,org.eclipse.dltk/ruby/plugins/org.eclipse.dltk.ruby.core
plugin@org.eclipse.dltk.ruby.launching=v20070525,:pserver:anonymous@dev.eclipse.org:/cvsroot/technology,,org.eclipse.dltk/ruby/plugins/org.eclipse.dltk.ruby.launching
plugin@org.eclipse.dltk.ruby.debug=v20070525,:pserver:anonymous@dev.eclipse.org:/cvsroot/technology,,org.eclipse.dltk/ruby/plugins/org.eclipse.dltk.ruby.debug
plugin@org.eclipse.dltk.ruby.ui=v20070525a,:pserver:anonymous@dev.eclipse.org:/cvsroot/technology,,org.eclipse.dltk/ruby/plugins/org.eclipse.dltk.ruby.ui
plugin@org.eclipse.dltk.ruby.debug.ui=v20070525,:pserver:anonymous@dev.eclipse.org:/cvsroot/technology,,org.eclipse.dltk/ruby/plugins/org.eclipse.dltk.ruby.debug.ui