
! Ruby Development Tools (DLTK)
!
! $Id: ruby.map,v 1.49 2007/07/13 08:59:24 mkalugin Exp $ 

feature@org.eclipse.dltk.ruby=v20070624,:pserver:anonymous@dev.eclipse.org:/cvsroot/technology,,org.eclipse.dltk/ruby/features/org.eclipse.dltk.ruby-feature
feature@org.eclipse.dltk.ruby.sdk=v20070601,:pserver:anonymous@dev.eclipse.org:/cvsroot/technology,,org.eclipse.dltk/ruby/features/org.eclipse.dltk.ruby.sdk

plugin@org.eclipse.dltk.ruby=v20070601,:pserver:anonymous@dev.eclipse.org:/cvsroot/technology,,org.eclipse.dltk/ruby/plugins/org.eclipse.dltk.ruby
plugin@org.eclipse.dltk.ruby.core=v20070713a,:pserver:anonymous@dev.eclipse.org:/cvsroot/technology,,org.eclipse.dltk/ruby/plugins/org.eclipse.dltk.ruby.core
plugin@org.eclipse.dltk.ruby.launching=v20070711a,:pserver:anonymous@dev.eclipse.org:/cvsroot/technology,,org.eclipse.dltk/ruby/plugins/org.eclipse.dltk.ruby.launching
plugin@org.eclipse.dltk.ruby.debug=v20070711a,:pserver:anonymous@dev.eclipse.org:/cvsroot/technology,,org.eclipse.dltk/ruby/plugins/org.eclipse.dltk.ruby.debug
plugin@org.eclipse.dltk.ruby.ui=v20070711a,:pserver:anonymous@dev.eclipse.org:/cvsroot/technology,,org.eclipse.dltk/ruby/plugins/org.eclipse.dltk.ruby.ui
plugin@org.eclipse.dltk.ruby.debug.ui=v20070711a,:pserver:anonymous@dev.eclipse.org:/cvsroot/technology,,org.eclipse.dltk/ruby/plugins/org.eclipse.dltk.ruby.debug.ui