
! Tcl Development Tools (DLTK)
!
! $Id: tcl.map,v 1.32 2007/06/26 11:32:10 asobolev Exp $ 

feature@org.eclipse.dltk.tcl=v20070601c,:pserver:anonymous@dev.eclipse.org:/cvsroot/technology,,org.eclipse.dltk/tcl/features/org.eclipse.dltk.tcl-feature
feature@org.eclipse.dltk.tcl.sdk=v20070622,:pserver:anonymous@dev.eclipse.org:/cvsroot/technology,,org.eclipse.dltk/tcl/features/org.eclipse.dltk.tcl.sdk

plugin@org.eclipse.dltk.tcl=v20070601,:pserver:anonymous@dev.eclipse.org:/cvsroot/technology,,org.eclipse.dltk/tcl/plugins/org.eclipse.dltk.tcl
plugin@org.eclipse.dltk.tcl.core=v20070622,:pserver:anonymous@dev.eclipse.org:/cvsroot/technology,,org.eclipse.dltk/tcl/plugins/org.eclipse.dltk.tcl.core
plugin@org.eclipse.dltk.tcl.launching=v20070626,:pserver:anonymous@dev.eclipse.org:/cvsroot/technology,,org.eclipse.dltk/tcl/plugins/org.eclipse.dltk.tcl.launching
plugin@org.eclipse.dltk.tcl.ui=v20070626,:pserver:anonymous@dev.eclipse.org:/cvsroot/technology,,org.eclipse.dltk/tcl/plugins/org.eclipse.dltk.tcl.ui

plugin@org.eclipse.dltk.tcl.debug=v20070620,:pserver:anonymous@dev.eclipse.org:/cvsroot/technology,,org.eclipse.dltk/tcl/plugins/org.eclipse.dltk.tcl.debug
plugin@org.eclipse.dltk.tcl.debug.ui=v20070619,:pserver:anonymous@dev.eclipse.org:/cvsroot/technology,,org.eclipse.dltk/tcl/plugins/org.eclipse.dltk.tcl.debug.ui

plugin@org.eclipse.dltk.tcl.tclchecker=v20070619,:pserver:anonymous@dev.eclipse.org:/cvsroot/technology,,org.eclipse.dltk/tcl/plugins/org.eclipse.dltk.tcl.tclchecker