!***************  DLTK TCL CONTRIBUTION  ******************************************************** 

!*** Special entries from eclipse

plugin@org.eclipse.test=v20050319,:pserver:anonymous@dev.eclipse.org:/cvsroot/eclipse,
fragment@org.eclipse.ant.optional.junit=v20050226,:pserver:anonymous@dev.eclipse.org:/cvsroot/eclipse,

!*** Default entries

feature@org.eclipse.dltk.tcl.sdk=HEAD,:pserver:anonymous@eclipsedltk.org:/opt/org.eclipse.dltk,,org.eclipse.dltk/tcl/features/org.eclipse.dltk.tcl-feature/org.eclipse.dltk.tcl.sdk

!*** DLTK TCL plugins, features and fragments

plugin@org.eclipse.dltk.tcl.core=HEAD,:pserver:anonymous@eclipsedltk.org:/opt/org.eclipse.dltk,,org.eclipse.dltk/tcl/plugins/org.eclipse.dltk.tcl.core
plugin@org.eclipse.dltk.tcl.launching=HEAD,:pserver:anonymous@eclipsedltk.org:/opt/org.eclipse.dltk,,org.eclipse.dltk/tcl/plugins/org.eclipse.dltk.tcl.launching
plugin@org.eclipse.dltk.tcl.debug=HEAD,:pserver:anonymous@eclipsedltk.org:/opt/org.eclipse.dltk,,org.eclipse.dltk/tcl/plugins/org.eclipse.dltk.tcl.debug
plugin@org.eclipse.dltk.tcl.ui=HEAD,:pserver:anonymous@eclipsedltk.org:/opt/org.eclipse.dltk,,org.eclipse.dltk/tcl/plugins/org.eclipse.dltk.tcl.ui
plugin@org.eclipse.dltk.tcl.debug.ui=HEAD,:pserver:anonymous@eclipsedltk.org:/opt/org.eclipse.dltk,,org.eclipse.dltk/tcl/plugins/org.eclipse.dltk.tcl.debug.ui
